{
  "version": "1.5.0",
  "plugins_used": [
    {
      "name": "ArtifactoryDetector"
    },
    {
      "name": "AWSKeyDetector"
    },
    {
      "name": "AzureStorageKeyDetector"
    },
    {
      "name": "Base64HighEntropyString",
      "limit": 4.5
    },
    {
      "name": "BasicAuthDetector"
    },
    {
      "name": "CloudantDetector"
    },
    {
      "name": "DiscordBotTokenDetector"
    },
    {
      "name": "GitHubTokenDetector"
    },
    {
      "name": "GitLabTokenDetector"
    },
    {
      "name": "HexHighEntropyString",
      "limit": 3.0
    },
    {
      "name": "IbmCloudIamDetector"
    },
    {
      "name": "IbmCosHmacDetector"
    },
    {
      "name": "IPPublicDetector"
    },
    {
      "name": "JwtTokenDetector"
    },
    {
      "name": "KeywordDetector",
      "keyword_exclude": ""
    },
    {
      "name": "MailchimpDetector"
    },
    {
      "name": "NpmDetector"
    },
    {
      "name": "OpenAIDetector"
    },
    {
      "name": "PrivateKeyDetector"
    },
    {
      "name": "PypiTokenDetector"
    },
    {
      "name": "SendGridDetector"
    },
    {
      "name": "SlackDetector"
    },
    {
      "name": "SoftlayerDetector"
    },
    {
      "name": "SquareOAuthDetector"
    },
    {
      "name": "StripeDetector"
    },
    {
      "name": "TelegramBotTokenDetector"
    },
    {
      "name": "TwilioKeyDetector"
    }
  ],
  "filters_used": [
    {
      "path": "detect_secrets.filters.allowlist.is_line_allowlisted"
    },
    {
      "path": "detect_secrets.filters.common.is_baseline_file",
      "filename": ".secrets.baseline"
    },
    {
      "path": "detect_secrets.filters.common.is_ignored_due_to_verification_policies",
      "min_level": 2
    },
    {
      "path": "detect_secrets.filters.heuristic.is_indirect_reference"
    },
    {
      "path": "detect_secrets.filters.heuristic.is_likely_id_string"
    },
    {
      "path": "detect_secrets.filters.heuristic.is_lock_file"
    },
    {
      "path": "detect_secrets.filters.heuristic.is_not_alphanumeric_string"
    },
    {
      "path": "detect_secrets.filters.heuristic.is_potential_uuid"
    },
    {
      "path": "detect_secrets.filters.heuristic.is_prefixed_with_dollar_sign"
    },
    {
      "path": "detect_secrets.filters.heuristic.is_sequential_string"
    },
    {
      "path": "detect_secrets.filters.heuristic.is_swagger_file"
    },
    {
      "path": "detect_secrets.filters.heuristic.is_templated_secret"
    }
  ],
  "results": {
    "tests/test_assistant_chat.py": [
      {
        "type": "Secret Keyword",
        "filename": "tests/test_assistant_chat.py",
        "hashed_secret": "9843209ab37d24adf917e0f332a75ba61c6ebe06",
        "is_verified": false,
        "line_number": 50
      },
      {
        "type": "Secret Keyword",
        "filename": "tests/test_assistant_chat.py",
        "hashed_secret": "6c996d43316a3e7c01c011f43b1fc387bd207e4e",
        "is_verified": false,
        "line_number": 443
      },
      {
        "type": "Secret Keyword",
        "filename": "tests/test_assistant_chat.py",
        "hashed_secret": "429d49755caddc9c73faf2b12ca7c4f1cdb0f7b2",
        "is_verified": false,
        "line_number": 530
      },
      {
        "type": "Secret Keyword",
        "filename": "tests/test_assistant_chat.py",
        "hashed_secret": "24f304df8c18c85f32628fe9b97a5dc586e43c1a",
        "is_verified": false,
        "line_number": 2237
      }
    ],
    "tests/test_backup.py": [
      {
        "type": "Secret Keyword",
        "filename": "tests/test_backup.py",
        "hashed_secret": "5684ec16a5a977455c7de1e8cf214b3e424109d6",
        "is_verified": false,
        "line_number": 24
      }
    ],
    "tests/test_causal_branch_simulations.py": [
      {
        "type": "Secret Keyword",
        "filename": "tests/test_causal_branch_simulations.py",
        "hashed_secret": "9843209ab37d24adf917e0f332a75ba61c6ebe06",
        "is_verified": false,
        "line_number": 41
      },
      {
        "type": "Secret Keyword",
        "filename": "tests/test_causal_branch_simulations.py",
        "hashed_secret": "24f304df8c18c85f32628fe9b97a5dc586e43c1a",
        "is_verified": false,
        "line_number": 684
      }
    ],
    "tests/test_causal_suggestions.py": [
      {
        "type": "Secret Keyword",
        "filename": "tests/test_causal_suggestions.py",
        "hashed_secret": "9843209ab37d24adf917e0f332a75ba61c6ebe06",
        "is_verified": false,
        "line_number": 47
      },
      {
        "type": "Secret Keyword",
        "filename": "tests/test_causal_suggestions.py",
        "hashed_secret": "7f163ce37a90ef99a085951e4e2a8f262739ea34",
        "is_verified": false,
        "line_number": 598
      },
      {
        "type": "Secret Keyword",
        "filename": "tests/test_causal_suggestions.py",
        "hashed_secret": "24f304df8c18c85f32628fe9b97a5dc586e43c1a",
        "is_verified": false,
        "line_number": 1245
      }
    ],
    "tests/test_continuity.py": [
      {
        "type": "Secret Keyword",
        "filename": "tests/test_continuity.py",
        "hashed_secret": "9843209ab37d24adf917e0f332a75ba61c6ebe06",
        "is_verified": false,
        "line_number": 1180
      },
      {
        "type": "Secret Keyword",
        "filename": "tests/test_continuity.py",
        "hashed_secret": "24f304df8c18c85f32628fe9b97a5dc586e43c1a",
        "is_verified": false,
        "line_number": 1228
      }
    ],
    "tests/test_deepseek.py": [
      {
        "type": "Secret Keyword",
        "filename": "tests/test_deepseek.py",
        "hashed_secret": "fe1bae27cb7c1fb823f496f286e78f1d2ae87734",
        "is_verified": false,
        "line_number": 18
      },
      {
        "type": "Secret Keyword",
        "filename": "tests/test_deepseek.py",
        "hashed_secret": "3acfb2c2b433c0ea7ff107e33df91b18e52f960f",
        "is_verified": false,
        "line_number": 27
      }
    ],
    "tests/test_editing_preferences.py": [
      {
        "type": "Secret Keyword",
        "filename": "tests/test_editing_preferences.py",
        "hashed_secret": "9843209ab37d24adf917e0f332a75ba61c6ebe06",
        "is_verified": false,
        "line_number": 41
      },
      {
        "type": "Secret Keyword",
        "filename": "tests/test_editing_preferences.py",
        "hashed_secret": "e5f5c2980e6ec6bdb5754e58e62511ebf881a819",
        "is_verified": false,
        "line_number": 276
      },
      {
        "type": "Secret Keyword",
        "filename": "tests/test_editing_preferences.py",
        "hashed_secret": "24f304df8c18c85f32628fe9b97a5dc586e43c1a",
        "is_verified": false,
        "line_number": 1303
      }
    ],
    "tests/test_model_catalog.py": [
      {
        "type": "Secret Keyword",
        "filename": "tests/test_model_catalog.py",
        "hashed_secret": "69dba6dfc0be932d10cdbfaae770c300cd7e0e3c",
        "is_verified": false,
        "line_number": 33
      }
    ],
    "tests/test_model_provider.py": [
      {
        "type": "Secret Keyword",
        "filename": "tests/test_model_provider.py",
        "hashed_secret": "9843209ab37d24adf917e0f332a75ba61c6ebe06",
        "is_verified": false,
        "line_number": 23
      },
      {
        "type": "Secret Keyword",
        "filename": "tests/test_model_provider.py",
        "hashed_secret": "3acfb2c2b433c0ea7ff107e33df91b18e52f960f",
        "is_verified": false,
        "line_number": 32
      },
      {
        "type": "Secret Keyword",
        "filename": "tests/test_model_provider.py",
        "hashed_secret": "e5e9fa1ba31ecd1ae84f75caaa474f3a663f05f4",
        "is_verified": false,
        "line_number": 173
      }
    ],
    "tests/test_quality.py": [
      {
        "type": "Secret Keyword",
        "filename": "tests/test_quality.py",
        "hashed_secret": "9843209ab37d24adf917e0f332a75ba61c6ebe06",
        "is_verified": false,
        "line_number": 23
      },
      {
        "type": "Secret Keyword",
        "filename": "tests/test_quality.py",
        "hashed_secret": "3acfb2c2b433c0ea7ff107e33df91b18e52f960f",
        "is_verified": false,
        "line_number": 32
      }
    ],
    "tests/test_scene_workbench.py": [
      {
        "type": "Secret Keyword",
        "filename": "tests/test_scene_workbench.py",
        "hashed_secret": "9843209ab37d24adf917e0f332a75ba61c6ebe06",
        "is_verified": false,
        "line_number": 28
      },
      {
        "type": "Secret Keyword",
        "filename": "tests/test_scene_workbench.py",
        "hashed_secret": "24f304df8c18c85f32628fe9b97a5dc586e43c1a",
        "is_verified": false,
        "line_number": 370
      }
    ],
    "tests/test_story_blueprint.py": [
      {
        "type": "Secret Keyword",
        "filename": "tests/test_story_blueprint.py",
        "hashed_secret": "9843209ab37d24adf917e0f332a75ba61c6ebe06",
        "is_verified": false,
        "line_number": 35
      },
      {
        "type": "Secret Keyword",
        "filename": "tests/test_story_blueprint.py",
        "hashed_secret": "6c718996bda681caabcbe64024e8ad96da9b6cd4",
        "is_verified": false,
        "line_number": 439
      },
      {
        "type": "Secret Keyword",
        "filename": "tests/test_story_blueprint.py",
        "hashed_secret": "24f304df8c18c85f32628fe9b97a5dc586e43c1a",
        "is_verified": false,
        "line_number": 542
      }
    ],
    "tests/test_story_planner.py": [
      {
        "type": "Secret Keyword",
        "filename": "tests/test_story_planner.py",
        "hashed_secret": "9843209ab37d24adf917e0f332a75ba61c6ebe06",
        "is_verified": false,
        "line_number": 30
      },
      {
        "type": "Secret Keyword",
        "filename": "tests/test_story_planner.py",
        "hashed_secret": "7f163ce37a90ef99a085951e4e2a8f262739ea34",
        "is_verified": false,
        "line_number": 228
      },
      {
        "type": "Secret Keyword",
        "filename": "tests/test_story_planner.py",
        "hashed_secret": "24f304df8c18c85f32628fe9b97a5dc586e43c1a",
        "is_verified": false,
        "line_number": 642
      }
    ],
    "tests/test_story_structure_planner.py": [
      {
        "type": "Secret Keyword",
        "filename": "tests/test_story_structure_planner.py",
        "hashed_secret": "9843209ab37d24adf917e0f332a75ba61c6ebe06",
        "is_verified": false,
        "line_number": 43
      },
      {
        "type": "Secret Keyword",
        "filename": "tests/test_story_structure_planner.py",
        "hashed_secret": "7f163ce37a90ef99a085951e4e2a8f262739ea34",
        "is_verified": false,
        "line_number": 378
      },
      {
        "type": "Secret Keyword",
        "filename": "tests/test_story_structure_planner.py",
        "hashed_secret": "24f304df8c18c85f32628fe9b97a5dc586e43c1a",
        "is_verified": false,
        "line_number": 950
      }
    ],
    "tests/test_structure_health.py": [
      {
        "type": "Secret Keyword",
        "filename": "tests/test_structure_health.py",
        "hashed_secret": "9843209ab37d24adf917e0f332a75ba61c6ebe06",
        "is_verified": false,
        "line_number": 22
      },
      {
        "type": "Secret Keyword",
        "filename": "tests/test_structure_health.py",
        "hashed_secret": "24f304df8c18c85f32628fe9b97a5dc586e43c1a",
        "is_verified": false,
        "line_number": 447
      }
    ],
    "tests/test_structure_links.py": [
      {
        "type": "Secret Keyword",
        "filename": "tests/test_structure_links.py",
        "hashed_secret": "9843209ab37d24adf917e0f332a75ba61c6ebe06",
        "is_verified": false,
        "line_number": 31
      },
      {
        "type": "Secret Keyword",
        "filename": "tests/test_structure_links.py",
        "hashed_secret": "24f304df8c18c85f32628fe9b97a5dc586e43c1a",
        "is_verified": false,
        "line_number": 473
      }
    ],
    "tests/test_techniques.py": [
      {
        "type": "Secret Keyword",
        "filename": "tests/test_techniques.py",
        "hashed_secret": "9843209ab37d24adf917e0f332a75ba61c6ebe06",
        "is_verified": false,
        "line_number": 45
      },
      {
        "type": "Secret Keyword",
        "filename": "tests/test_techniques.py",
        "hashed_secret": "3acfb2c2b433c0ea7ff107e33df91b18e52f960f",
        "is_verified": false,
        "line_number": 54
      }
    ],
    "tests/test_voice_learning.py": [
      {
        "type": "Secret Keyword",
        "filename": "tests/test_voice_learning.py",
        "hashed_secret": "9843209ab37d24adf917e0f332a75ba61c6ebe06",
        "is_verified": false,
        "line_number": 33
      },
      {
        "type": "Secret Keyword",
        "filename": "tests/test_voice_learning.py",
        "hashed_secret": "7d528d75d536cf3fcddd6b92f9f4122b3ce22e4e",
        "is_verified": false,
        "line_number": 138
      },
      {
        "type": "Secret Keyword",
        "filename": "tests/test_voice_learning.py",
        "hashed_secret": "24f304df8c18c85f32628fe9b97a5dc586e43c1a",
        "is_verified": false,
        "line_number": 562
      }
    ],
    "tests/test_web.py": [
      {
        "type": "Secret Keyword",
        "filename": "tests/test_web.py",
        "hashed_secret": "9843209ab37d24adf917e0f332a75ba61c6ebe06",
        "is_verified": false,
        "line_number": 23
      },
      {
        "type": "Secret Keyword",
        "filename": "tests/test_web.py",
        "hashed_secret": "24f304df8c18c85f32628fe9b97a5dc586e43c1a",
        "is_verified": false,
        "line_number": 79
      },
      {
        "type": "Secret Keyword",
        "filename": "tests/test_web.py",
        "hashed_secret": "76442857cca05f5577c0f0e7697edbb6f968b8d2",
        "is_verified": false,
        "line_number": 698
      },
      {
        "type": "Secret Keyword",
        "filename": "tests/test_web.py",
        "hashed_secret": "d5731e28ca2a0c0f9fe9fec8529b76a4df46907d",
        "is_verified": false,
        "line_number": 1183
      },
      {
        "type": "Secret Keyword",
        "filename": "tests/test_web.py",
        "hashed_secret": "ef7c0b83a26125ba071296b470cdb48e51f301ea",
        "is_verified": false,
        "line_number": 1304
      }
    ],
    "tests/test_worker.py": [
      {
        "type": "Secret Keyword",
        "filename": "tests/test_worker.py",
        "hashed_secret": "9843209ab37d24adf917e0f332a75ba61c6ebe06",
        "is_verified": false,
        "line_number": 22
      }
    ],
    "tests/test_workflow.py": [
      {
        "type": "Secret Keyword",
        "filename": "tests/test_workflow.py",
        "hashed_secret": "9843209ab37d24adf917e0f332a75ba61c6ebe06",
        "is_verified": false,
        "line_number": 14
      },
      {
        "type": "Secret Keyword",
        "filename": "tests/test_workflow.py",
        "hashed_secret": "24f304df8c18c85f32628fe9b97a5dc586e43c1a",
        "is_verified": false,
        "line_number": 48
      }
    ],
    "tests/test_writing.py": [
      {
        "type": "Secret Keyword",
        "filename": "tests/test_writing.py",
        "hashed_secret": "9843209ab37d24adf917e0f332a75ba61c6ebe06",
        "is_verified": false,
        "line_number": 18
      },
      {
        "type": "Secret Keyword",
        "filename": "tests/test_writing.py",
        "hashed_secret": "3acfb2c2b433c0ea7ff107e33df91b18e52f960f",
        "is_verified": false,
        "line_number": 27
      }
    ]
  },
  "generated_at": "2026-07-27T18:25:22Z"
}
